// Jest Snapshot v1, https://goo.gl/fbAQLP

exports[`<ExampleScreen /> should render a label 1`] = `
<Text
  accessible={true}
  allowFontScaling={true}
  disabled={false}
  ellipsizeMode="tail"
>
  Hang Tight! We're grabbing our clubs...
</Text>
`;

exports[`<Foo /> should render a label 1`] = `
<Text
  accessible={true}
  allowFontScaling={true}
  disabled={false}
  ellipsizeMode="tail"
>
  Hang Tight! We're grabbing our clubs...
</Text>
`;

exports[`should render a label 1`] = `
<Text
  accessible={true}
  allowFontScaling={true}
  disabled={false}
  ellipsizeMode="tail"
>
  Hang Tight! We're grabbing our clubs...
</Text>
`;
